../Core/Src/main.c:80:7:HAL_GPIO_EXTI_Callback	16	static
../Core/Src/main.c:97:7:HAL_CAN_RxFifo0MsgPendingCallback	16	static
../Core/Src/main.c:116:5:main	16	static
../Core/Src/main.c:191:6:SystemClock_Config	88	static
../Core/Src/main.c:237:13:MX_CAN1_Init	48	static
../Core/Src/main.c:288:13:MX_I2C1_Init	8	static
../Core/Src/main.c:322:13:MX_I2S3_Init	8	static
../Core/Src/main.c:356:13:MX_SPI1_Init	8	static
../Core/Src/main.c:394:13:MX_GPIO_Init	56	static
../Core/Src/main.c:509:6:Error_Handler	4	static,ignoring_inline_asm
