../Core/Src/main.c:100:7:HAL_GPIO_EXTI_Callback	16	static
../Core/Src/main.c:120:7:HAL_CAN_RxFifo0MsgPendingCallback	16	static
../Core/Src/main.c:139:5:main	16	static
../Core/Src/main.c:252:6:TIM6_DAC_IRQHandler	8	static
../Core/Src/main.c:270:6:SystemClock_Config	88	static
../Core/Src/main.c:316:13:MX_ADC1_Init	24	static
../Core/Src/main.c:368:13:MX_CAN1_Init	48	static
../Core/Src/main.c:419:13:MX_I2C1_Init	8	static
../Core/Src/main.c:453:13:MX_SPI1_Init	8	static
../Core/Src/main.c:491:13:MX_TIM4_Init	64	static
../Core/Src/main.c:550:13:MX_TIM6_Init	16	static
../Core/Src/main.c:588:13:MX_UART5_Init	8	static
../Core/Src/main.c:621:13:MX_GPIO_Init	56	static
../Core/Src/main.c:755:6:Error_Handler	4	static,ignoring_inline_asm
